============================= test session starts ==============================
platform linux -- Python 3.10.19, pytest-8.4.2, pluggy-1.6.0 -- /usr/local/bin/python
cachedir: .pytest_cache
rootdir: /app
configfile: pytest.ini
plugins: asyncio-1.2.0, anyio-4.11.0
asyncio: mode=strict, debug=False, asyncio_default_fixture_loop_scope=None, asyncio_default_test_loop_scope=function
collecting ... collected 0 items

============================ no tests ran in 0.03s =============================
